{
  "type": "object",
  "properties": {
    "id": {
      "type": "string"
    },
    "name": {
      "type": "string"
    },
    "description": {
      "type": "string",
      "nullable": true
    }
  },
  "required": ["id", "name"],
  "additionalProperties": true
}
