{
  "openapi": "3.0.0",
  "info": {
    "title": "Generated API",
    "version": "1.0.0",
    "description": "API generated from Ack schemas"
  },
  "paths": {
    "/products": {
      "get": {
        "summary": "Get all Products",
        "responses": {
          "200": {
            "description": "Successful response",
            "content": {
              "application/json": {
                "schema": {
                  "type": "array",
                  "items": {
                    "$ref": "#/components/schemas/Product"
                  }
                }
              }
            }
          }
        }
      }
    },
    "/categorys": {
      "get": {
        "summary": "Get all Categorys",
        "responses": {
          "200": {
            "description": "Successful response",
            "content": {
              "application/json": {
                "schema": {
                  "type": "array",
                  "items": {
                    "$ref": "#/components/schemas/Category"
                  }
                }
              }
            }
          }
        }
      }
    }
  },
  "components": {
    "schemas": {
      "Product": {
        "type": "object",
        "properties": {
          "id": {
            "type": "string"
          },
          "name": {
            "type": "string"
          },
          "description": {
            "type": "string",
            "minLength": 3
          },
          "price": {
            "type": "number"
          },
          "imageUrl": {
            "type": "string",
            "nullable": true
          },
          "category": {
            "type": "object",
            "properties": {
              "id": {
                "type": "string"
              },
              "name": {
                "type": "string"
              },
              "description": {
                "type": "string",
                "nullable": true
              }
            },
            "required": ["id", "name"],
            "additionalProperties": true
          }
        },
        "required": ["id", "name", "description", "price", "category"],
        "additionalProperties": true
      },
      "Category": {
        "type": "object",
        "properties": {
          "id": {
            "type": "string"
          },
          "name": {
            "type": "string"
          },
          "description": {
            "type": "string",
            "nullable": true
          }
        },
        "required": ["id", "name"],
        "additionalProperties": true
      }
    }
  }
}
