{
  "type": "object",
  "properties": {
    "id": {
      "type": "string"
    },
    "name": {
      "type": "string"
    },
    "description": {
      "type": "string",
      "minLength": 3
    },
    "price": {
      "type": "number"
    },
    "imageUrl": {
      "type": "string",
      "nullable": true
    },
    "category": {
      "type": "object",
      "properties": {
        "id": {
          "type": "string"
        },
        "name": {
          "type": "string"
        },
        "description": {
          "type": "string",
          "nullable": true
        }
      },
      "required": ["id", "name"],
      "additionalProperties": true
    }
  },
  "required": ["id", "name", "description", "price", "category"],
  "additionalProperties": true
}
