{
  "$schema": "http://json-schema.org/draft-07/schema#",
  "type": "object",
  "properties": {
    "basicArray": {
      "type": "array",
      "items": {
        "type": "string"
      }
    },
    "constrainedArray": {
      "type": "array",
      "items": {
        "type": "string",
        "minLength": 1
      },
      "minItems": 1,
      "maxItems": 10
    },
    "uniqueArray": {
      "type": "array",
      "items": {
        "type": "string"
      },
      "uniqueItems": true
    },
    "nestedArray": {
      "type": "array",
      "items": {
        "type": "array",
        "items": {
          "type": "integer"
        }
      }
    },
    "objectArray": {
      "type": "array",
      "items": {
        "type": "object",
        "properties": {
          "id": {
            "type": "string",
            "format": "uuid"
          },
          "name": {
            "type": "string"
          }
        },
        "required": [
          "id",
          "name"
        ],
        "additionalProperties": false
      }
    },
    "nullableArray": {
      "type": [
        "array",
        "null"
      ],
      "items": {
        "type": "string"
      }
    }
  },
  "additionalProperties": false
}