{
  "$schema": "http://json-schema.org/draft-07/schema#",
  "type": "object",
  "properties": {
    "id": {
      "type": "string",
      "format": "uuid"
    },
    "name": {
      "type": "string",
      "minLength": 2,
      "maxLength": 100
    },
    "age": {
      "type": [
        "integer",
        "null"
      ],
      "minimum": 0,
      "maximum": 150
    },
    "score": {
      "type": "number",
      "minimum": 0.0,
      "maximum": 100.0
    },
    "active": {
      "type": "boolean"
    },
    "email": {
      "type": "string",
      "format": "email"
    },
    "website": {
      "type": [
        "string",
        "null"
      ],
      "format": "uri"
    },
    "created": {
      "type": "string",
      "format": "date-time"
    },
    "phone": {
      "type": [
        "string",
        "null"
      ],
      "pattern": "^\\+?[\\d\\s\\-\\(\\)]+$"
    },
    "role": {
      "type": "string",
      "enum": [
        "admin",
        "user",
        "guest"
      ]
    },
    "status": {
      "type": "string",
      "enum": [
        "active",
        "inactive",
        "pending"
      ]
    },
    "tags": {
      "type": "array",
      "items": {
        "type": "string"
      },
      "uniqueItems": true,
      "maxItems": 10
    },
    "scores": {
      "type": [
        "array",
        "null"
      ],
      "items": {
        "type": "number",
        "minimum": 0.0,
        "maximum": 100.0
      }
    },
    "permissions": {
      "type": "array",
      "items": {
        "type": "string",
        "enum": [
          "read",
          "write",
          "admin"
        ]
      }
    },
    "profile": {
      "type": "object",
      "properties": {
        "bio": {
          "type": [
            "string",
            "null"
          ],
          "maxLength": 500
        },
        "avatar": {
          "type": [
            "string",
            "null"
          ],
          "format": "uri"
        },
        "preferences": {
          "type": "object",
          "properties": {
            "theme": {
              "type": "string",
              "enum": [
                "light",
                "dark"
              ]
            },
            "notifications": {
              "type": "boolean"
            },
            "language": {
              "type": "string",
              "pattern": "^[a-z]{2}(-[A-Z]{2})?$"
            }
          },
          "additionalProperties": false
        }
      },
      "additionalProperties": false
    },
    "content": {
      "allOf": [
        {
          "if": {
            "type": "object",
            "properties": {
              "type": {
                "const": "text"
              }
            },
            "required": [
              "type"
            ]
          },
          "then": {
            "type": "object",
            "properties": {
              "type": {
                "type": "string",
                "enum": [
                  "text"
                ]
              },
              "value": {
                "type": "string",
                "minLength": 1
              },
              "formatting": {
                "type": [
                  "object",
                  "null"
                ],
                "properties": {
                  "bold": {
                    "type": "boolean"
                  },
                  "italic": {
                    "type": "boolean"
                  }
                },
                "additionalProperties": false
              }
            },
            "required": [
              "type",
              "value"
            ],
            "additionalProperties": false
          }
        },
        {
          "if": {
            "type": "object",
            "properties": {
              "type": {
                "const": "number"
              }
            },
            "required": [
              "type"
            ]
          },
          "then": {
            "type": "object",
            "properties": {
              "type": {
                "type": "string",
                "enum": [
                  "number"
                ]
              },
              "value": {
                "type": "number"
              },
              "precision": {
                "type": [
                  "integer",
                  "null"
                ],
                "minimum": 0,
                "maximum": 10
              }
            },
            "required": [
              "type",
              "value"
            ],
            "additionalProperties": false
          }
        },
        {
          "if": {
            "type": "object",
            "properties": {
              "type": {
                "const": "list"
              }
            },
            "required": [
              "type"
            ]
          },
          "then": {
            "type": "object",
            "properties": {
              "type": {
                "type": "string",
                "enum": [
                  "list"
                ]
              },
              "items": {
                "type": "array",
                "items": {
                  "type": "string"
                },
                "minItems": 1
              },
              "ordered": {
                "type": "boolean"
              }
            },
            "required": [
              "type",
              "items"
            ],
            "additionalProperties": false
          }
        }
      ]
    }
  },
  "required": [
    "id",
    "name",
    "role",
    "status",
    "profile",
    "content"
  ],
  "additionalProperties": false
}