{
  "$schema": "http://json-schema.org/draft-07/schema#",
  "type": "object",
  "properties": {
    "simpleUnion": {
      "allOf": [
        {
          "if": {
            "type": "object",
            "properties": {
              "type": {
                "const": "user"
              }
            },
            "required": [
              "type"
            ]
          },
          "then": {
            "type": "object",
            "properties": {
              "type": {
                "type": "string",
                "enum": [
                  "user"
                ]
              },
              "name": {
                "type": "string"
              }
            },
            "required": [
              "type",
              "name"
            ],
            "additionalProperties": false
          }
        },
        {
          "if": {
            "type": "object",
            "properties": {
              "type": {
                "const": "admin"
              }
            },
            "required": [
              "type"
            ]
          },
          "then": {
            "type": "object",
            "properties": {
              "type": {
                "type": "string",
                "enum": [
                  "admin"
                ]
              },
              "level": {
                "type": "integer",
                "minimum": 1,
                "maximum": 10
              }
            },
            "required": [
              "type",
              "level"
            ],
            "additionalProperties": false
          }
        }
      ]
    },
    "complexUnion": {
      "allOf": [
        {
          "if": {
            "type": "object",
            "properties": {
              "kind": {
                "const": "text"
              }
            },
            "required": [
              "kind"
            ]
          },
          "then": {
            "type": "object",
            "properties": {
              "kind": {
                "type": "string",
                "enum": [
                  "text"
                ]
              },
              "content": {
                "type": "string",
                "minLength": 1
              },
              "metadata": {
                "type": [
                  "object",
                  "null"
                ],
                "properties": {
                  "author": {
                    "type": "string"
                  },
                  "created": {
                    "type": "string",
                    "format": "date-time"
                  }
                },
                "additionalProperties": false
              }
            },
            "required": [
              "kind",
              "content"
            ],
            "additionalProperties": false
          }
        },
        {
          "if": {
            "type": "object",
            "properties": {
              "kind": {
                "const": "image"
              }
            },
            "required": [
              "kind"
            ]
          },
          "then": {
            "type": "object",
            "properties": {
              "kind": {
                "type": "string",
                "enum": [
                  "image"
                ]
              },
              "src": {
                "type": "string",
                "format": "uri"
              },
              "dimensions": {
                "type": "object",
                "properties": {
                  "width": {
                    "type": "integer",
                    "minimum": 1
                  },
                  "height": {
                    "type": "integer",
                    "minimum": 1
                  }
                },
                "additionalProperties": false
              }
            },
            "required": [
              "kind",
              "src",
              "dimensions"
            ],
            "additionalProperties": false
          }
        }
      ]
    }
  },
  "additionalProperties": false
}