{
  "$schema": "http://json-schema.org/draft-07/schema#",
  "type": "object",
  "properties": {
    "basicObject": {
      "type": "object",
      "properties": {
        "name": {
          "type": "string"
        },
        "age": {
          "type": "integer"
        }
      },
      "additionalProperties": false
    },
    "requiredObject": {
      "type": "object",
      "properties": {
        "name": {
          "type": "string"
        },
        "email": {
          "type": "string",
          "format": "email"
        },
        "age": {
          "type": [
            "integer",
            "null"
          ]
        }
      },
      "required": [
        "name",
        "email"
      ],
      "additionalProperties": false
    },
    "strictObject": {
      "type": "object",
      "properties": {
        "name": {
          "type": "string"
        }
      },
      "additionalProperties": false
    },
    "flexibleObject": {
      "type": "object",
      "properties": {
        "name": {
          "type": "string"
        }
      },
      "additionalProperties": true
    },
    "nestedObject": {
      "type": "object",
      "properties": {
        "user": {
          "type": "object",
          "properties": {
            "profile": {
              "type": "object",
              "properties": {
                "bio": {
                  "type": [
                    "string",
                    "null"
                  ]
                },
                "avatar": {
                  "type": [
                    "string",
                    "null"
                  ],
                  "format": "uri"
                }
              },
              "additionalProperties": false
            }
          },
          "additionalProperties": false
        }
      },
      "additionalProperties": false
    }
  },
  "additionalProperties": false
}